Starting project at C:\Users\Admin\OneDrive\Desktop\GOne\frontend
Starting Metro Bundler
warning: Bundler cache is empty, rebuilding (this may take a minute)
Waiting on http://localhost:8090
Logs for your project will appear below.
Android node_modules\expo-router\entry.js ░░░░░░░░░░░░░░░░  0.0% (0/1)
Android node_modules\expo-router\entry.js ░░░░░░░░░░░░░░░░  1.0% (1/1)
Android node_modules\expo-router\entry.js ▓▓░░░░░░░░░░░░░░ 16.0% ( 22/149)
Android node_modules\expo-router\entry.js ▓▓░░░░░░░░░░░░░░ 16.0% ( 44/222)
Android node_modules\expo-router\entry.js ▓▓░░░░░░░░░░░░░░ 16.0% ( 69/287)
Android node_modules\expo-router\entry.js ▓▓░░░░░░░░░░░░░░ 16.0% ( 89/332)
Android node_modules\expo-router\entry.js ▓▓░░░░░░░░░░░░░░ 16.0% (152/400)
Android node_modules\expo-router\entry.js ▓▓▓░░░░░░░░░░░░░ 18.9% (189/435)
Android node_modules\expo-router\entry.js ▓▓▓░░░░░░░░░░░░░ 23.9% (252/516)
Android node_modules\expo-router\entry.js ▓▓▓▓░░░░░░░░░░░░ 30.8% (321/578)
Android node_modules\expo-router\entry.js ▓▓▓▓▓░░░░░░░░░░░ 34.4% (375/642)
Android node_modules\expo-router\entry.js ▓▓▓▓▓░░░░░░░░░░░ 35.2% (411/693)
Android node_modules\expo-router\entry.js ▓▓▓▓▓░░░░░░░░░░░ 35.2% ( 412/2472)
Android node_modules\expo-router\entry.js ▓▓▓▓▓░░░░░░░░░░░ 35.2% ( 463/2511)
Android node_modules\expo-router\entry.js ▓▓▓▓▓░░░░░░░░░░░ 35.2% ( 515/2565)
Android node_modules\expo-router\entry.js ▓▓▓▓▓░░░░░░░░░░░ 35.2% ( 542/2582)
Android node_modules\expo-router\entry.js ▓▓▓▓▓░░░░░░░░░░░ 35.2% ( 621/2606)
Android node_modules\expo-router\entry.js ▓▓▓▓▓░░░░░░░░░░░ 35.2% ( 669/2646)
Android node_modules\expo-router\entry.js ▓▓▓▓▓░░░░░░░░░░░ 35.2% ( 893/2653)
Android node_modules\expo-router\entry.js ▓▓▓▓▓░░░░░░░░░░░ 35.2% (1103/2653)
Android node_modules\expo-router\entry.js ▓▓▓▓▓░░░░░░░░░░░ 35.2% (1327/2653)
Android node_modules\expo-router\entry.js ▓▓▓▓▓░░░░░░░░░░░ 35.2% (1558/2653)
Android node_modules\expo-router\entry.js ▓▓▓▓▓▓▓░░░░░░░░░ 46.6% (1812/2653)
Android node_modules\expo-router\entry.js ▓▓▓▓▓▓▓▓░░░░░░░░ 54.9% (1965/2653)
Android node_modules\expo-router\entry.js ▓▓▓▓▓▓▓▓▓▓░░░░░░ 67.1% (2173/2653)
Android node_modules\expo-router\entry.js ▓▓▓▓▓▓▓▓▓▓▓▓░░░░ 77.1% (2330/2653)
Android node_modules\expo-router\entry.js ▓▓▓▓▓▓▓▓▓▓▓▓▓░░░ 86.3% (2468/2656)
Android node_modules\expo-router\entry.js ▓▓▓▓▓▓▓▓▓▓▓▓▓▓░░ 87.7% (2501/2672)
Android node_modules\expo-router\entry.js ▓▓▓▓▓▓▓▓▓▓▓▓▓▓░░ 88.3% (2512/2674)
Android node_modules\expo-router\entry.js ▓▓▓▓▓▓▓▓▓▓▓▓▓▓░░ 89.2% (2534/2685)
Android node_modules\expo-router\entry.js ▓▓▓▓▓▓▓▓▓▓▓▓▓▓░░ 90.1% (2573/2710)
Android node_modules\expo-router\entry.js ▓▓▓▓▓▓▓▓▓▓▓▓▓▓░░ 90.5% (2595/2730)
Android node_modules\expo-router\entry.js ▓▓▓▓▓▓▓▓▓▓▓▓▓▓░░ 90.5% (2596/2732)
Android node_modules\expo-router\entry.js ▓▓▓▓▓▓▓▓▓▓▓▓▓▓░░ 92.7% (2642/2744)
Android node_modules\expo-router\entry.js ▓▓▓▓▓▓▓▓▓▓▓▓▓▓░░ 93.5% (2672/2763)
Android node_modules\expo-router\entry.js ▓▓▓▓▓▓▓▓▓▓▓▓▓▓▓░ 94.4% (2696/2776)
Android node_modules\expo-router\entry.js ▓▓▓▓▓▓▓▓▓▓▓▓▓▓▓░ 95.0% (2717/2794)
Android node_modules\expo-router\entry.js ▓▓▓▓▓▓▓▓▓▓▓▓▓▓▓░ 95.7% (2736/2797)
Android node_modules\expo-router\entry.js ▓▓▓▓▓▓▓▓▓▓▓▓▓▓▓░ 96.0% (2756/2888)
Android node_modules\expo-router\entry.js ▓▓▓▓▓▓▓▓▓▓▓▓▓▓▓░ 96.0% (2764/2924)
Android node_modules\expo-router\entry.js ▓▓▓▓▓▓▓▓▓▓▓▓▓▓▓░ 96.0% (2780/2935)
Android node_modules\expo-router\entry.js ▓▓▓▓▓▓▓▓▓▓▓▓▓▓▓░ 96.0% (2793/2942)
Android node_modules\expo-router\entry.js ▓▓▓▓▓▓▓▓▓▓▓▓▓▓▓░ 96.0% (2860/2957)
Android node_modules\expo-router\entry.js ▓▓▓▓▓▓▓▓▓▓▓▓▓▓▓░ 96.0% (2907/2974)
Android node_modules\expo-router\entry.js ▓▓▓▓▓▓▓▓▓▓▓▓▓▓▓░ 96.0% (2945/3021)
Android node_modules\expo-router\entry.js ▓▓▓▓▓▓▓▓▓▓▓▓▓▓▓░ 96.0% (2986/3058)
Android node_modules\expo-router\entry.js ▓▓▓▓▓▓▓▓▓▓▓▓▓▓▓░ 98.3% (3065/3093)
Android node_modules\expo-router\entry.js ▓▓▓▓▓▓▓▓▓▓▓▓▓▓▓░ 98.5% (3117/3208)
Android node_modules\expo-router\entry.js ▓▓▓▓▓▓▓▓▓▓▓▓▓▓▓░ 98.9% (3207/3226)
Android Bundled 188107ms node_modules\expo-router\entry.js (3227 modules)
Web node_modules\expo-router\entry.js ░░░░░░░░░░░░░░░░  0.0% (0/1)
Web node_modules\expo-router\entry.js ▓▓░░░░░░░░░░░░░░ 15.4% (100/275)
Web node_modules\expo-router\entry.js ▓▓▓▓░░░░░░░░░░░░ 30.7% (226/409)
Web node_modules\expo-router\entry.js ▓▓▓▓▓▓▓░░░░░░░░░ 48.6% (355/509)
Web node_modules\expo-router\entry.js ▓▓▓▓▓▓▓░░░░░░░░░ 48.6% ( 391/2314)
Web node_modules\expo-router\entry.js ▓▓▓▓▓▓▓░░░░░░░░░ 48.6% ( 585/2383)
Web node_modules\expo-router\entry.js ▓▓▓▓▓▓▓░░░░░░░░░ 48.6% ( 823/2383)
Web node_modules\expo-router\entry.js ▓▓▓▓▓▓▓░░░░░░░░░ 48.6% (1069/2383)
Web node_modules\expo-router\entry.js ▓▓▓▓▓▓▓░░░░░░░░░ 48.6% (1314/2383)
Web node_modules\expo-router\entry.js ▓▓▓▓▓▓▓░░░░░░░░░ 48.6% (1565/2383)
Web node_modules\expo-router\entry.js ▓▓▓▓▓▓▓▓▓░░░░░░░ 59.5% (1838/2383)
Web node_modules\expo-router\entry.js ▓▓▓▓▓▓▓▓▓▓▓▓░░░░ 78.7% (2114/2383)
Web node_modules\expo-router\entry.js ▓▓▓▓▓▓▓▓▓▓▓▓▓▓░░ 91.7% (2336/2440)
Web node_modules\expo-router\entry.js ▓▓▓▓▓▓▓▓▓▓▓▓▓▓▓░ 96.0% (2469/2543)
Web node_modules\expo-router\entry.js ▓▓▓▓▓▓▓▓▓▓▓▓▓▓▓░ 97.5% (2599/2632)
Web Bundled 52464ms node_modules\expo-router\entry.js (2644 modules)
