Starting project at C:\Users\Admin\OneDrive\Desktop\GOne\frontend
Starting Metro Bundler
warning: Bundler cache is empty, rebuilding (this may take a minute)
Waiting on http://localhost:8091
Logs for your project will appear below.
Android node_modules\expo-router\entry.js ░░░░░░░░░░░░░░░░  0.0% (0/1)
Android node_modules\expo-router\entry.js ▓▓░░░░░░░░░░░░░░ 16.0% ( 22/149)
Android node_modules\expo-router\entry.js ▓▓░░░░░░░░░░░░░░ 16.0% ( 92/332)
Android node_modules\expo-router\entry.js ▓▓▓░░░░░░░░░░░░░ 21.0% (203/443)
Android node_modules\expo-router\entry.js ▓▓▓▓░░░░░░░░░░░░ 31.2% (324/580)
Android node_modules\expo-router\entry.js ▓▓▓▓▓░░░░░░░░░░░ 35.2% (411/693)
Android node_modules\expo-router\entry.js ▓▓▓▓▓░░░░░░░░░░░ 35.2% ( 412/2472)
Android node_modules\expo-router\entry.js ▓▓▓▓▓░░░░░░░░░░░ 35.2% ( 493/2541)
Android node_modules\expo-router\entry.js ▓▓▓▓▓░░░░░░░░░░░ 35.2% ( 606/2603)
Android node_modules\expo-router\entry.js ▓▓▓▓▓░░░░░░░░░░░ 35.2% ( 683/2652)
Android node_modules\expo-router\entry.js ▓▓▓▓▓░░░░░░░░░░░ 35.2% ( 972/2653)
Android node_modules\expo-router\entry.js ▓▓▓▓▓░░░░░░░░░░░ 35.2% (1256/2653)
Android node_modules\expo-router\entry.js ▓▓▓▓▓░░░░░░░░░░░ 35.2% (1541/2653)
Android node_modules\expo-router\entry.js ▓▓▓▓▓▓▓░░░░░░░░░ 44.4% (1767/2653)
Android node_modules\expo-router\entry.js ▓▓▓▓▓▓▓▓▓░░░░░░░ 58.9% (2036/2653)
Android node_modules\expo-router\entry.js ▓▓▓▓▓▓▓▓▓▓▓░░░░░ 74.1% (2283/2653)
Android node_modules\expo-router\entry.js ▓▓▓▓▓▓▓▓▓▓▓▓▓▓░░ 88.2% (2511/2674)
Android node_modules\expo-router\entry.js ▓▓▓▓▓▓▓▓▓▓▓▓▓▓░░ 90.4% (2595/2730)
Android node_modules\expo-router\entry.js ▓▓▓▓▓▓▓▓▓▓▓▓▓▓░░ 93.1% (2652/2749)
Android node_modules\expo-router\entry.js ▓▓▓▓▓▓▓▓▓▓▓▓▓▓▓░ 95.7% (2736/2797)
Android node_modules\expo-router\entry.js ▓▓▓▓▓▓▓▓▓▓▓▓▓▓▓░ 96.0% (2767/2926)
Android node_modules\expo-router\entry.js ▓▓▓▓▓▓▓▓▓▓▓▓▓▓▓░ 96.0% (2794/2942)
Android node_modules\expo-router\entry.js ▓▓▓▓▓▓▓▓▓▓▓▓▓▓▓░ 96.0% (2851/2957)
Android node_modules\expo-router\entry.js ▓▓▓▓▓▓▓▓▓▓▓▓▓▓▓░ 96.0% (2899/2973)
Android node_modules\expo-router\entry.js ▓▓▓▓▓▓▓▓▓▓▓▓▓▓▓░ 96.0% (2944/3020)
Android node_modules\expo-router\entry.js ▓▓▓▓▓▓▓▓▓▓▓▓▓▓▓░ 96.0% (2986/3058)
Android node_modules\expo-router\entry.js ▓▓▓▓▓▓▓▓▓▓▓▓▓▓▓░ 97.9% (3040/3073)
Android node_modules\expo-router\entry.js ▓▓▓▓▓▓▓▓▓▓▓▓▓▓▓░ 98.3% (3095/3139)
Android node_modules\expo-router\entry.js ▓▓▓▓▓▓▓▓▓▓▓▓▓▓▓░ 98.3% (3158/3215)
Android Bundled 108462ms node_modules\expo-router\entry.js (3227 modules)
Android node_modules\expo-router\entry.js ▓▓▓▓▓▓▓▓▓▓▓▓▓▓▓░ 99.9% (3227/3227)
